You are a senior pnpm, Next.js, and monorepo engineer.

Repository:

* Monorepo root: /workspaces/potential-memory
* Package manager: pnpm 9.15.9
* Runtime: Node.js v24.14.1
* Branch: feature/backend-auth-security

Current problem:

* `pnpm install` fails.
* Vercel previously reported:

  * ERR_PNPM_OUTDATED_LOCKFILE
    * pnpm-lock.yaml is not synchronized with apps/web/package.json
      * New dependencies were added but lockfile was not updated.
      
      Your task:
      
      1. Diagnose why `pnpm install` fails.
      2. Run:
      
         * pnpm install --no-frozen-lockfile
         3. Capture the complete error output.
         4. Identify the exact failing package, workspace, dependency, peer dependency, version conflict, registry issue, or lockfile issue.
         5. Fix the root cause, not the symptom.
         6. Verify all workspace package.json files are valid.
         7. Verify pnpm-workspace.yaml is valid.
         8. Verify apps/web/package.json is valid.
         9. Verify the root package.json is valid.
         10. Regenerate pnpm-lock.yaml if required.
         11. Remove only invalid dependencies; do not remove working dependencies.
         12. If a dependency version does not exist, replace it with the nearest valid version.
         13. If there are peer dependency conflicts, resolve them safely.
         14. Ensure Prisma, Next.js, React, and TypeScript remain functional.
         15. After fixes, run:
         
             * pnpm install
                 * pnpm build
                 16. Confirm:
                 
                     * install succeeds
                         * lockfile is synchronized
                             * build succeeds
                             17. Show:
                             
                                 * files modified
                                     * commands executed
                                         * root cause analysis
                                             * final verification results
                                             
                                             Important:
                                             
                                             * Do not expose secrets from .env or .env.local.
                                             * Do not delete application code.
                                             * Do not redesign the architecture.
                                             * Focus only on dependency, workspace, lockfile, and build issues.
                                             * Continue until pnpm install succeeds and the repository is buildable.
                                             wScope: all 9 workspace projects
(node:64773) [DEP0169] DeprecationWarning: `url.parse()` behavior is not standardized and prone to errors that have security implications. Use the WHATWG URL API instead. CVEs are not issued for `url.parse()` vulnerabilities.
(Use `node --trace-deprecation ...` to show where the warning was created)
Lockfile is up to date, resolution step is skipped
Already up to date

. install$ pnpm install
. install: Scope: all 9 workspace projects
. install: (node:64812) [DEP0169] DeprecationWarning: `url.parse()` behavior is not standardized and prone to errors that have security implications. Use the WHATWG URL API instead. CVEs are not issued for `url.parse()` vulnerabilities.
. install: (Use `node --trace-deprecation ...` to show where the warning was created)
. install: Lockfile is up to date, resolution step is skipped
. install: Already up to date
. install: . install$ pnpm install
. install: . install: Scope: all 9 workspace projects
. install: . install: (node:64836) [DEP0169] DeprecationWarning: `url.parse()` behavior is not standardized and prone to errors that have security implications. Use the WHATWG URL API instead. CVEs are not issued for `url.parse()` vulnerabilities.
. install: . install: (Use `node --trace-deprecation ...` to show where the warning was created)
. install: . install: Lockfile is up to date, resolution step is skipped
. install: . install: Already up to date
. install: . install: . install$ pnpm install
. install: . install: . install: Scope: all 9 workspace projects
. install: . install: . install: (node:65343) [DEP0169] DeprecationWarning: `url.parse()` behavior is not standardized and prone to errors that have security implications. Use the WHATWG URL API instead. CVEs are not issued for `url.parse()` vulnerabilities.
. install: . install: . install: (Use `node --trace-deprecation ...` to show where the warning was created)
. install: . install: . install: Lockfile is up to date, resolution step is skipped
. install: . install: . install: Already up to date
. install: . install: . install: . install$ pnpm install
. install: . install: . install: . install: Scope: all 9 workspace projects
. install: . install: . install: . install: (node:65357) [DEP0169] DeprecationWarning: `url.parse()` behavior is not standardized and prone to errors that have security implications. Use the WHATWG URL API instead. CVEs are not issued for `url.parse()` vulnerabilities.
. install: . install: . install: . install: (Use `node --trace-deprecation ...` to show where the warning was created)
. install: . install: . install: . install: Lockfile is up to date, resolution step is skipped
. install: . install: . install: . install: Already up to date
. install: . install: . install: . install: . install$ pnpm install
. install: . install: . install: . install: . install: Scope: all 9 workspace projects
. install: . install: . install: . install: . install: (node:65370) [DEP0169] DeprecationWarning: `url.parse()` behavior is not standardized and prone to errors that have security implications. Use the WHATWG URL API instead. CVEs are not issued for `url.parse()` vulnerabilities.
. install: . install: . install: . install: . install: (Use `node --trace-deprecation ...` to show where the warning was created)
. install: . install: . install: . install: . install: Lockfile is up to date, resolution step is skipped
. install: . install: . install: . install: . install: Already up to date
. install: . install: . install: . install: . install: . install$ pnpm install
. install: . install: . install: . install: . install: . install: Scope: all 9 workspace projects
. install: . install: . install: . install: . install: . install: (node:65384) [DEP0169] DeprecationWarning: `url.parse()` behavior is not standardized and prone to errors that have security implications. Use the WHATWG URL API instead. CVEs are not issued for `url.parse()` vulnerabilities.
. install: . install: . install: . install: . install: . install: (Use `node --trace-deprecation ...` to show where the warning was created)
. install: . install: . install: . install: . install: . install: Lockfile is up to date, resolution step is skipped
. install: . install: . install: . install: . install: . install: Already up to date
. install: . install: . install: . install: . install: . install: . install$ pnpm install
. install: . install: . install: . install: . install: . install: . install: Scope: all 9 workspace projects
. install: . install: . install: . install: . install: . install: . install: (node:65397) [DEP0169] DeprecationWarning: `url.parse()` behavior is not standardized and prone to errors that have security implications. Use the WHATWG URL API instead. CVEs are not issued for `url.parse()` vulnerabilities.
. install: . install: . install: . install: . install: . install: . install: (Use `node --trace-deprecation ...` to show where the warning was created)
. install: . install: . install: . install: . install: . install: . install: Lockfile is up to date, resolution step is skipped
. install: . install: . install: . install: . install: . install: . install: Already up to date
. install: . install: . install: . install: . install: . install: . install: . install$ pnpm install
. install: . install: . install: . install: . install: . install: . install: . install: Scope: all 9 workspace projects
. install: . install: . install: . install: . install: . install: . install: . install: (node:65410) [DEP0169] DeprecationWarning: `url.parse()` behavior is not standardized and prone to errors that have security implications. Use the WHATWG URL API instead. CVEs are not issued for `url.parse()` vulnerabilities.
. install: . install: . install: . install: . install: . install: . install: . install: (Use `node --trace-deprecation ...` to show where the warning was created)
. install: . install: . install: . install: . install: . install: . install: . install: Lockfile is up to date, resolution step is skipped
. install: . install: . install: . install: . install: . install: . install: . install: Already up to date
. install: . install: . install: . install: . install: . install: . install: . install: . install$ pnpm install
. install: . install: . install: . install: . install: . install: . install: . install: . install: Scope: all 9 workspace projects
. install: . install: . install: . install: . install: . install: . install: . install: . install: (node:65424) [DEP0169] DeprecationWarning: `url.parse()` behavior is not standardized and prone to errors that have security implications. Use the WHATWG URL API instead. CVEs are not issued for `url.parse()` vulnerabilities.
. install: . install: . install: . install: . install: . install: . install: . install: . install: (Use `node --trace-deprecation ...` to show where the warning was created)
. install: . install: . install: . install: . install: . install: . install: . install: . install: Lockfile is up to date, resolution step is skipped
. install: . install: . install: . install: . install: . install: . install: . install: . install: Already up to date
. install: . install: . install: . install: . install: . install: . install: . install: . install: . install$ pnpm install
. install: . install: . install: . install: . install: . install: . install: . install: . install: . install: Scope: all 9 workspace projects
. install: . install: . install: . install: . install: . install: . install: . install: . install: . install: (node:65443) [DEP0169] DeprecationWarning: `url.parse()` behavior is not standardized and prone to errors that have security implications. Use the WHATWG URL API instead. CVEs are not issued for `url.parse()` vulnerabilities.
. install: . install: . install: . install: . install: . install: . install: . install: . install: . install: (Use `node --trace-deprecation ...` to show where the warning was created)
. install: . install: . install: . install: . install: . install: . install: . install: . install: . install: Lockfile is up to date, resolution step is skipped
. install: . install: . install: . install: . install: . install: . install: . install: . install: . install: Already up to date
. install: . install: . install: . install: . install: . install: . install: . install: . install: . install: . install$ pnpm install
. install: . install: . install: . install: . install: . install: . install: . install: . install: . install: . install: Scope: all 9 workspace projects
. install: . install: . install: . install: . install: . install: . install: . install: . install: . install: . install: (node:65457) [DEP0169] DeprecationWarning: `url.parse()` behavior is not standardized and prone to errors that have security implications. Use the WHATWG URL API instead. CVEs are not issued for `url.parse()` vulnerabilities.
. install: . install: . install: . install: . install: . install: . install: . install: . install: . install: . install: (Use `node --trace-deprecation ...` to show where the warning was created)
. install: . install: . install: . install: . install: . install: . install: . install: . install: . install: . install: Lockfile is up to date, resolution step is skipped
. install: . install: . install: . install: . install: . install: . install: . install: . install: . install: . install: Already up to date
. install: . install: . install: . install: . install: . install: . install: . install: . install: . install: . install: . install$ pnpm install
. install: . install: . install: . install: . install: . install: . install: . install: . install: . install: . install: . install: Scope: all 9 workspace projects
. install: . install: . install: . install: . install: . install: . install: . install: . install: . install: . install: . install: (node:65470) [DEP0169] DeprecationWarning: `url.parse()` behavior is not standardized and prone to errors that have security implications. Use the WHATWG URL API instead. CVEs are not issued for `url.parse()` vulnerabilities.
. install: . install: . install: . install: . install: . install: . install: . install: . install: . install: . install: . install: (Use `node --trace-deprecation ...` to show where the warning was created)
. install: . install: . install: . install: . install: . install: . install: . install: . install: . install: . install: . install: Lockfile is up to date, resolution step is skipped
. install: . install: . install: . install: . install: . install: . install: . install: . install: . install: . install: . install: Already up to date
. install: . install: . install: . install: . install: . install: . install: . install: . install: . install: . install: . install: . install$ pnpm install
. install: . install: . install: . install: . install: . install: . install: . install: . install: . install: . install: . install: . install: Scope: all 9 workspace projects
. install: . install: . install: . install: . install: . install: . install: . install: . install: . install: . install: . install: . install: (node:65484) [DEP0169] DeprecationWarning: `url.parse()` behavior is not standardized and prone to errors that have security implications. Use the WHATWG URL API instead. CVEs are not issued for `url.parse()` vulnerabilities.
. install: . install: . install: . install: . install: . install: . install: . install: . install: . install: . install: . install: . install: (Use `node --trace-deprecation ...` to show where the warning was created)
. install: . install: . install: . install: . install: . install: . install: . install: . install: . install: . install: . install: . install: Lockfile is up to date, resolution step is skipped
. install: . install: . install: . install: . install: . install: . install: . install: . install: . install: . install: . install: . install: Already up to date
. install: . install: . install: . install: . install: . install: . install: . install: . install: . install: . install: . install: . install: . install$ pnpm install
. install: . install: . install: . install: . install: . install: . install: . install: . install: . install: . install: . install: . install: . install: Scope: all 9 workspace projects
. install: . install: . install: . install: . install: . install: . install: . install: . install: . install: . install: . install: . install: . install: (node:65503) [DEP0169] DeprecationWarning: `url.parse()` behavior is not standardized and prone to errors that have security implications. Use the WHATWG URL API instead. CVEs are not issued for `url.parse()` vulnerabilities.
. install: . install: . install: . install: . install: . install: . install: . install: . install: . install: . install: . install: . install: . install: (Use `node --trace-deprecation ...` to show where the warning was created)
. install: . install: . install: . install: . install: . install: . install: . install: . install: . install: . install: . install: . install: . install: Lockfile is up to date, resolution step is skipped
. install: . install: . install: . install: . install: . install: . install: . install: . install: . install: . install: . install: . install: . install: Already up to date
. install: . install: . install: . install: . install: . install: . install: . install: . install: . install: . install: . install: . install: . install: . install$ pnpm install
. install: . install: . install: . install: . install: . install: . install: . install: . install: . install: . install: . install: . install: . install: . install: Scope: all 9 workspace projects
. install: . install: . install: . install: . install: . install: . install: . install: . install: . install: . install: . install: . install: . install: . install: (node:65517) [DEP0169] DeprecationWarning: `url.parse()` behavior is not standardized and prone to errors that have security implications. Use the WHATWG URL API instead. CVEs are not issued for `url.parse()` vulnerabilities.
. install: . install: . install: . install: . install: . install: . install: . install: . install: . install: . install: . install: . install: . install: . install: (Use `node --trace-deprecation ...` to show where the warning was created)
. install: . install: . install: . install: . install: . install: . install: . install: . install: . install: . install: . install: . install: . install: . install: Lockfile is up to date, resolution step is skipped
. install: . install: . install: . install: . install: . install: . install: . install: . install: . install: . install: . install: . install: . install: . install: Already up to date
. install: . install: . install: . install: . install: . install: . install: . install: . install: . install: . install: . install: . install: . install: . install: . install$ pnpm install
. install: . install: . install: . install: . install: . install: . install: . install: . install: . install: . install: . install: . install: . install: . install: . install: Scope: all 9 workspace projects
. install: . install: . install: . install: . install: . install: . install: . install: . install: . install: . install: . install: . install: . install: . install: . install: (node:65530) [DEP0169] DeprecationWarning: `url.parse()` behavior is not standardized and prone to errors that have security implications. Use the WHATWG URL API instead. CVEs are not issued for `url.parse()` vulnerabilities.
. install: . install: . install: . install: . install: . install: . install: . install: . install: . install: . install: . install: . install: . install: . install: . install: (Use `node --trace-deprecation ...` to show where the warning was created)
. install: . install: . install: . install: . install: . install: . install: . install: . install: . install: . install: . install: . install: . install: . install: . install: Lockfile is up to date, resolution step is skipped
. install: . install: . install: . install: . install: . install: . install: . install: . install: . install: . install: . install: . install: . install: . install: . install: Already up to date
. install: . install: . install: . install: . install: . install: . install: . install: . install: . install: . install: . install: . install: . install: . install: . install: . install$ pnpm install
. install: . install: . install: . install: . install: . install: . install: . install: . install: . install: . install: . install: . install: . install: . install: . install: . install: Scope: all 9 workspace projects
. install: . install: . install: . install: . install: . install: . install: . install: . install: . install: . install: . install: . install: . install: . install: . install: . install: (node:65550) [DEP0169] DeprecationWarning: `url.parse()` behavior is not standardized and prone to errors that have security implications. Use the WHATWG URL API instead. CVEs are not issued for `url.parse()` vulnerabilities.
. install: . install: . install: . install: . install: . install: . install: . install: . install: . install: . install: . install: . install: . install: . install: . install: . install: (Use `node --trace-deprecation ...` to show where the warning was created)
. install: . install: . install: . install: . install: . install: . install: . install: . install: . install: . install: . install: . install: . install: . install: . install: . install: Lockfile is up to date, resolution step is skipped
. install: . install: . install: . install: . install: . install: . install: . install: . install: . install: . install: . install: . install: . install: . install: . install: . install: Already up to date
. install: . install: . install: . install: . install: . install: . install: . install: . install: . install: . install: . install: . install: . install: . install: . install: . install: . install$ pnpm install
. install: . install: . install: . install: . install: . install: . install: . install: . install: . install: . install: . install: . install: . install: . install: . install: . install: . install: Scope: all 9 workspace projects
. install: . install: . install: . install: . install: . install: . install: . install: . install: . install: . install: . install: . install: . install: . install: . install: . install: . install: (node:65569) [DEP0169] DeprecationWarning: `url.parse()` behavior is not standardized and prone to errors that have security implications. Use the WHATWG URL API instead. CVEs are not issued for `url.parse()` vulnerabilities.
. install: . install: . install: . install: . install: . install: . install: . install: . install: . install: . install: . install: . install: . install: . install: . install: . install: . install: (Use `node --trace-deprecation ...` to show where the warning was created)
. install: . install: . install: . install: . install: . install: . install: . install: . install: . install: . install: . install: . install: . install: . install: . install: . install: . install: Lockfile is up to date, resolution step is skipped
. install: . install: . install: . install: . install: . install: . install: . install: . install: . install: . install: . install: . install: . install: . install: . install: . install: . install: Already up to date
. install: . install: . install: . install: . install: . install: . install: . install: . install: . install: . install: . install: . install: . install: . install: . install: . install: . install: . install$ pnpm install
. install: . install: . install: . install: . install: . install: . install: . install: . install: . install: . install: . install: . install: . install: . install: . install: . install: . install: . install: Scope: all 9 workspace projects
. install: . install: . install: . install: . install: . install: . install: . install: . install: . install: . install: . install: . install: . install: . install: . install: . install: . install: . install: (node:65583) [DEP0169] DeprecationWarning: `url.parse()` behavior is not standardized and prone to errors that have security implications. Use the WHATWG URL API instead. CVEs are not issued for `url.parse()` vulnerabilities.
. install: . install: . install: . install: . install: . install: . install: . install: . install: . install: . install: . install: . install: . install: . install: . install: . install: . install: . install: (Use `node --trace-deprecation ...` to show where the warning was created)
. install: . install: . install: . install: . install: . install: . install: . install: . install: . install: . install: . install: . install: . install: . install: . install: . install: . install: . install: Lockfile is up to date, resolution step is skipped
. install: . install: . install: . install: . install: . install: . install: . install: . install: . install: . install: . install: . install: . install: . install: . install: . install: . install: . install: Already up to date
. install: . install: . install: . install: . install: . install: . install: . install: . install: . install: . install: . install: . install: . install: . install: . install: . install: . install: . install: . install$ pnpm install
. install: . install: . install: . install: . install: . install: . install: . install: . install: . install: . install: . install: . install: . install: . install: . install: . install: . install: . install: . install: Scope: all 9 workspace projects
. install: . install: . install: . install: . install: . install: . install: . install: . install: . install: . install: . install: . install: . install: . install: . install: . install: . install: . install: . install: (node:65596) [DEP0169] DeprecationWarning: `url.parse()` behavior is not standardized and prone to errors that have security implications. Use the WHATWG URL API instead. CVEs are not issued for `url.parse()` vulnerabilities.
. install: . install: . install: . install: . install: . install: . install: . install: . install: . install: . install: . install: . install: . install: . install: . install: . install: . install: . install: . install: (Use `node --trace-deprecation ...` to show where the warning was created)
. install: . install: . install: . install: . install: . install: . install: . install: . install: . install: . install: . install: . install: . install: . install: . install: . install: . install: . install: . install: Lockfile is up to date, resolution step is skipped
. install: . install: . install: . install: . install: . install: . install: . install: . install: . install: . install: . install: . install: . install: . install: . install: . install: . install: . install: . install: Already up to date
. install: . install: . install: . install: . install: . install: . install: . install: . install: . install: . install: . install: . install: . install: . install: . install: . install: . install: . install: . install: . install$ pnpm install
. install: . install: . install: . install: . install: . install: . install: . install: . install: . install: . install: . install: . install: . install: . install: . install: . install: . install: . install: . install: . install: Scope: all 9 workspace projects
. install: . install: . install: . install: . install: . install: . install: . install: . install: . install: . install: . install: . install: . install: . install: . install: . install: . install: . install: . install: . install: (node:65610) [DEP0169] DeprecationWarning: `url.parse()` behavior is not standardized and prone to errors that have security implications. Use the WHATWG URL API instead. CVEs are not issued for `url.parse()` vulnerabilities.
. install: . install: . install: . install: . install: . install: . install: . install: . install: . install: . install: . install: . install: . install: . install: . install: . install: . install: . install: . install: . install: (Use `node --trace-deprecation ...` to show where the warning was created)
. install: . install: . install: . install: . install: . install: . install: . install: . install: . install: . install: . install: . install: . install: . install: . install: . install: . install: . install: . install: . install: Lockfile is up to date, resolution step is skipped
. install: . install: . install: . install: . install: . install: . install: . install: . install: . install: . install: . install: . install: . install: . install: . install: . install: . install: . install: . install: . install: Already up to date
. install: . install: . install: . install: . install: . install: . install: . install: . install: . install: . install: . install: . install: . install: . install: . install: . install: . install: . install: . install: . install: . install$ pnpm install
. install: . install: . install: . install: . install: . install: . install: . install: . install: . install: . install: . install: . install: . install: . install: . install: . install: . install: . install: . install: . install: . install: Scope: all 9 workspace projects
. install: . install: . install: . install: . install: . install: . install: . install: . install: . install: . install: . install: . install: . install: . install: . install: . install: . install: . install: . install: . install: . install: (node:65623) [DEP0169] DeprecationWarning: `url.parse()` behavior is not standardized and prone to errors that have security implications. Use the WHATWG URL API instead. CVEs are not issued for `url.parse()` vulnerabilities.
. install: . install: . install: . install: . install: . install: . install: . install: . install: . install: . install: . install: . install: . install: . install: . install: . install: . install: . install: . install: . install: . install: (Use `node --trace-deprecation ...` to show where the warning was created)
. install: . install: . install: . install: . install: . install: . install: . install: . install: . install: . install: . install: . install: . install: . install: . install: . install: . install: . install: . install: . install: . install: Lockfile is up to date, resolution step is skipped
. install: . install: . install: . install: . install: . install: . install: . install: . install: . install: . install: . install: . install: . install: . install: . install: . install: . install: . install: . install: . install: . install: Already up to date
. install: . install: . install: . install: . install: . install: . install: . install: . install: . install: . install: . install: . install: . install: . install: . install: . install: . install: . install: . install: . install: . install: . install$ pnpm install
. install: . install: . install: . install: . install: . install: . install: . install: . install: . install: . install: . install: . install: . install: . install: . install: . install: . install: . install: . install: . install: . install: . install: Scope: all 9 workspace projects
. install: . install: . install: . install: . install: . install: . install: . install: . install: . install: . install: . install: . install: . install: . install: . install: . install: . install: . install: . install: . install: . install: . install: (node:65637) [DEP0169] DeprecationWarning: `url.parse()` behavior is not standardized and prone to errors that have security implications. Use the WHATWG URL API instead. CVEs are not issued for `url.parse()` vulnerabilities.
. install: . install: . install: . install: . install: . install: . install: . install: . install: . install: . install: . install: . install: . install: . install: . install: . install: . install: . install: . install: . install: . install: . install: (Use `node --trace-deprecation ...` to show where the warning was created)
. install: . install: . install: . install: . install: . install: . install: . install: . install: . install: . install: . install: . install: . install: . install: . install: . install: . install: . install: . install: . install: . install: . install: Lockfile is up to date, resolution step is skipped
. install: . install: . install: . install: . install: . install: . install: . install: . install: . install: . install: . install: . install: . install: . install: . install: . install: . install: . install: . install: . install: . install: . install: Already up to date
. install: . install: . install: . install: . install: . install: . install: . install: . install: . install: . install: . install: . install: . install: . install: . install: . install: . install: . install: . install: . install: . install: . install: . install$ pnpm install
. install: . install: . install: . install: . install: . install: . install: . install: . install: . install: . install: . install: . install: . install: . install: . install: . install: . install: . install: . install: . install: . install: . install: . install: Scope: all 9 workspace projects
. install: . install: . install: . install: . install: . install: . install: . install: . install: . install: . install: . install: . install: . install: . install: . install: . install: . install: . install: . install: . install: . install: . install: . install: (node:65662) [DEP0169] DeprecationWarning: `url.parse()` behavior is not standardized and prone to errors that have security implications. Use the WHATWG URL API instead. CVEs are not issued for `url.parse()` vulnerabilities.
. install: . install: . install: . install: . install: . install: . install: . install: . install: . install: . install: . install: . install: . install: . install: . install: . install: . install: . install: . install: . install: . install: . install: . install: (Use `node --trace-deprecation ...` to show where the warning was created)
. install: . install: . install: . install: . install: . install: . install: . install: . install: . install: . install: . install: . install: . install: . install: . install: . install: . install: . install: . install: . install: . install: . install: . install: Lockfile is up to date, resolution step is skipped
. install: . install: . install: . install: . install: . install: . install: . install: . install: . install: . install: . install: . install: . install: . install: . install: . install: . install: . install: . install: . install: . install: . install: . install: Already up to date
. install: . install: . install: . install: . install: . install: . install: . install: . install: . install: . install: . install: . install: . install: . install: . install: . install: . install: . install: . install: . install: . install: . install: . install: . install$ pnpm install
. install: . install: . install: . install: . install: . install: . install: . install: . install: . install: . install: . install: . install: . install: . install: . install: . install: . install: . install: . install: . install: . install: . install: . install: . install: Scope: all 9 workspace projects
. install: . install: . install: . install: . install: . install: . install: . install: . install: . install: . install: . install: . install: . install: . install: . install: . install: . install: . install: . install: . install: . install: . install: . install: . install: (node:65675) [DEP0169] DeprecationWarning: `url.parse()` behavior is not standardized and prone to errors that have security implications. Use the WHATWG URL API instead. CVEs are not issued for `url.parse()` vulnerabilities.
. install: . install: . install: . install: . install: . install: . install: . install: . install: . install: . install: . install: . install: . install: . install: . install: . install: . install: . install: . install: . install: . install: . install: . install: . install: (Use `node --trace-deprecation ...` to show where the warning was created)
. install: . install: . install: . install: . install: . install: . install: . install: . install: . install: . install: . install: . install: . install: . install: . install: . install: . install: . install: . install: . install: . install: . install: . install: . install: Lockfile is up to date, resolution step is skipped
. install: . install: . install: . install: . install: . install: . install: . install: . install: . install: . install: . install: . install: . install: . install: . install: . install: . install: . install: . install: . install: . install: . install: . install: . install: Already up to date
. install: . install: . install: . install: . install: . install: . install: . install: . install: . install: . install: . install: . install: . install: . install: . install: . install: . install: . install: . install: . install: . install: . install: . install: . install: . install$ pnpm install
. install: . install: . install: . install: . install: . install: . install: . install: . install: . install: . install: . install: . install: . install: . install: . install: . install: . install: . install: . install: . install: . install: . install: . install: . install: . install: Scope: all 9 workspace projects
. install: . install: . install: . install: . install: . install: . install: . install: . install: . install: . install: . install: . install: . install: . install: . install: . install: . install: . install: . install: . install: . install: . install: . install: . install: . install: (node:65689) [DEP0169] DeprecationWarning: `url.parse()` behavior is not standardized and prone to errors that have security implications. Use the WHATWG URL API instead. CVEs are not issued for `url.parse()` vulnerabilities.
. install: . install: . install: . install: . install: . install: . install: . install: . install: . install: . install: . install: . install: . install: . install: . install: . install: . install: . install: . install: . install: . install: . install: . install: . install: . install: (Use `node --trace-deprecation ...` to show where the warning was created)
. install: . install: . install: . install: . install: . install: . install: . install: . install: . install: . install: . install: . install: . install: . install: . install: . install: . install: . install: . install: . install: . install: . install: . install: . install: . install: Lockfile is up to date, resolution step is skipped
. install: . install: . install: . install: . install: . install: . install: . install: . install: . install: . install: . install: . install: . install: . install: . install: . install: . install: . install: . install: . install: . install: . install: . install: . install: . install: Already up to date
. install: . install: . install: . install: . install: . install: . install: . install: . install: . install: . install: . install: . install: . install: . install: . install: . install: . install: . install: . install: . install: . install: . install: . install: . install: . install: . install$ pnpm install
. install: . install: . install: . install: . install: . install: . install: . install: . install: . install: . install: . install: . install: . install: . install: . install: . install: . install: . install: . install: . install: . install: . install: . install: . install: . install: . install: Scope: all 9 workspace projects
. install: . install: . install: . install: . install: . install: . install: . install: . install: . install: . install: . install: . install: . install: . install: . install: . install: . install: . install: . install: . install: . install: . install: . install: . install: . install: . install: (node:65702) [DEP0169] DeprecationWarning: `url.parse()` behavior is not standardized and prone to errors that have security implications. Use the WHATWG URL API instead. CVEs are not issued for `url.parse()` vulnerabilities.
. install: . install: . install: . install: . install: . install: . install: . install: . install: . install: . install: . install: . install: . install: . install: . install: . install: . install: . install: . install: . install: . install: . install: . install: . install: . install: . install: (Use `node --trace-deprecation ...` to show where the warning was created)
. install: . install: . install: . install: . install: . install: . install: . install: . install: . install: . install: . install: . install: . install: . install: . install: . install: . install: . install: . install: . install: . install: . install: . install: . install: . install: . install: Lockfile is up to date, resolution step is skipped
. install: . install: . install: . install: . install: . install: . install: . install: . install: . install: . install: . install: . install: . install: . install: . install: . install: . install: . install: . install: . install: . install: . install: . install: . install: . install: . install: Already up to date
. install: . install: . install: . install: . install: . install: . install: . install: . install: . install: . install: . install: . install: . install: . install: . install: . install: . install: . install: . install: . install: . install: . install: . install: . install: . install: . install: . install$ pnpm install
. install: . install: . install: . install: . install: . install: . install: . install: . install: . install: . install: . install: . install: . install: . install: . install: . install: . install: . install: . install: . install: . install: . install: . install: . install: . install: . install: . install: Scope: all 9 workspace projects
. install: . install: . install: . install: . install: . install: . install: . install: . install: . install: . install: . install: . install: . install: . install: . install: . install: . install: . install: . install: . install: . install: . install: . install: . install: . install: . install: . install: (node:65721) [DEP0169] DeprecationWarning: `url.parse()` behavior is not standardized and prone to errors that have security implications. Use the WHATWG URL API instead. CVEs are not issued for `url.parse()` vulnerabilities.
. install: . install: . install: . install: . install: . install: . install: . install: . install: . install: . install: . install: . install: . install: . install: . install: . install: . install: . install: . install: . install: . install: . install: . install: . install: . install: . install: . install: (Use `node --trace-deprecation ...` to show where the warning was created)
. install: . install: . install: . install: . install: . install: . install: . install: . install: . install: . install: . install: . install: . install: . install: . install: . install: . install: . install: . install: . install: . install: . install: . install: . install: . install: . install: . install: Lockfile is up to date, resolution step is skipped
. install: . install: . install: . install: . install: . install: . install: . install: . install: . install: . install: . install: . install: . install: . install: . install: . install: . install: . install: . install: . install: . install: . install: . install: . install: . install: . install: . install: Already up to date
. install: . install: . install: . install: . install: . install: . install: . install: . install: . install: . install: . install: . install: . install: . install: . install: . install: . install: . install: . install: . install: . install: . install: . install: . install: . install: . install: . install: . install$ pnpm install
. install: . install: . install: . install: . install: . install: . install: . install: . install: . install: . install: . install: . install: . install: . install: . install: . install: . install: . install: . install: . install: . install: . install: . install: . install: . install: . install: . install: . install: Scope: all 9 workspace projects
. install: . install: . install: . install: . install: . install: . install: . install: . install: . install: . install: . install: . install: . install: . install: . install: . install: . install: . install: . install: . install: . install: . install: . install: . install: . install: . install: . install: . install: (node:65734) [DEP0169] DeprecationWarning: `url.parse()` behavior is not standardized and prone to errors that have security implications. Use the WHATWG URL API instead. CVEs are not issued for `url.parse()` vulnerabilities.
. install: . install: . install: . install: . install: . install: . install: . install: . install: . install: . install: . install: . install: . install: . install: . install: . install: . install: . install: . install: . install: . install: . install: . install: . install: . install: . install: . install: . install: (Use `node --trace-deprecation ...` to show where the warning was created)
. install: . install: . install: . install: . install: . install: . install: . install: . install: . install: . install: . install: . install: . install: . install: . install: . install: . install: . install: . install: . install: . install: . install: . install: . install: . install: . install: . install: . install: Lockfile is up to date, resolution step is skipped
. install: . install: . install: . install: . install: . install: . install: . install: . install: . install: . install: . install: . install: . install: . install: . install: . install: . install: . install: . install: . install: . install: . install: . install: . install: . install: . install: . install: . install: Already up to date
. install: . install: . install: . install: . install: . install: . install: . install: . install: . install: . install: . install: . install: . install: . install: . install: . install: . install: . install: . install: . install: . install: . install: . install: . install: . install: . install: . install: . install: . install$ pnpm install
. install: . install: . install: . install: . install: . install: . install: . install: . install: . install: . install: . install: . install: . install: . install: . install: . install: . install: . install: . install: . install: . install: . install: . install: . install: . install: . install: . install: . install: . install: Scope: all 9 workspace projects
. install: . install: . install: . install: . install: . install: . install: . install: . install: . install: . install: . install: . install: . install: . install: . install: . install: . install: . install: . install: . install: . install: . install: . install: . install: . install: . install: . install: . install: . install: (node:65754) [DEP0169] DeprecationWarning: `url.parse()` behavior is not standardized and prone to errors that have security implications. Use the WHATWG URL API instead. CVEs are not issued for `url.parse()` vulnerabilities.
. install: . install: . install: . install: . install: . install: . install: . install: . install: . install: . install: . install: . install: . install: . install: . install: . install: . install: . install: . install: . install: . install: . install: . install: . install: . install: . install: . install: . install: . install: (Use `node --trace-deprecation ...` to show where the warning was created)
. install: . install: . install: . install: . install: . install: . install: . install: . install: . install: . install: . install: . install: . install: . install: . install: . install: . install: . install: . install: . install: . install: . install: . install: . install: . install: . install: . install: . install: . install: Lockfile is up to date, resolution step is skipped
. install: . install: . install: . install: . install: . install: . install: . install: . install: . install: . install: . install: . install: . install: . install: . install: . install: . install: . install: . install: . install: . install: . install: . install: . install: . install: . install: . install: . install: . install: Already up to date
. install: . install: . install: . install: . install: . install: . install: . install: . install: . install: . install: . install: . install: . install: . install: . install: . install: . install: . install: . install: . install: . install: . install: . install: . install: . install: . install: . install: . install: . install: . install$ pnpm install
. install: . install: . install: . install: . install: . install: . install: . install: . install: . install: . install: . install: . install: . install: . install: . install: . install: . install: . install: . install: . install: . install: . install: . install: . install: . install: . install: . install: . install: . install: . install: Scope: all 9 workspace projects
. install: . install: . install: . install: . install: . install: . install: . install: . install: . install: . install: . install: . install: . install: . install: . install: . install: . install: . install: . install: . install: . install: . install: . install: . install: . install: . install: . install: . install: . install: . install: (node:65767) [DEP0169] DeprecationWarning: `url.parse()` behavior is not standardized and prone to errors that have security implications. Use the WHATWG URL API instead. CVEs are not issued for `url.parse()` vulnerabilities.
. install: . install: . install: . install: . install: . install: . install: . install: . install: . install: . install: . install: . install: . install: . install: . install: . install: . install: . install: . install: . install: . install: . install: . install: . install: . install: . install: . install: . install: . install: . install: (Use `node --trace-deprecation ...` to show where the warning was created)
. install: . install: . install: . install: . install: . install: . install: . install: . install: . install: . install: . install: . install: . install: . install: . install: . install: . install: . install: . install: . install: . install: . install: . install: . install: . install: . install: . install: . install: . install: . install: Lockfile is up to date, resolution step is skipped
. install: . install: . install: . install: . install: . install: . install: . install: . install: . install: . install: . install: . install: . install: . install: . install: . install: . install: . install: . install: . install: . install: . install: . install: . install: . install: . install: . install: . install: . install: . install: Already up to date
. install: . install: . install: . install: . install: . install: . install: . install: . install: . install: . install: . install: . install: . install: . install: . install: . install: . install: . install: . install: . install: . install: . install: . install: . install: . install: . install: . install: . install: . install: . install: . install$ pnpm install
. install: . install: . install: . install: . install: . install: . install: . install: . install: . install: . install: . install: . install: . install: . install: . install: . install: . install: . install: . install: . install: . install: . install: . install: . install: . install: . install: . install: . install: . install: . install: . install: Scope: all 9 workspace projects
. install: . install: . install: . install: . install: . install: . install: . install: . install: . install: . install: . install: . install: . install: . install: . install: . install: . install: . install: . install: . install: . install: . install: . install: . install: . install: . install: . install: . install: . install: . install: . install: (node:65787) [DEP0169] DeprecationWarning: `url.parse()` behavior is not standardized and prone to errors that have security implications. Use the WHATWG URL API instead. CVEs are not issued for `url.parse()` vulnerabilities.
. install: . install: . install: . install: . install: . install: . install: . install: . install: . install: . install: . install: . install: . install: . install: . install: . install: . install: . install: . install: . install: . install: . install: . install: . install: . install: . install: . install: . install: . install: . install: . install: (Use `node --trace-deprecation ...` to show where the warning was created)
. install: . install: . install: . install: . install: . install: . install: . install: . install: . install: . install: . install: . install: . install: . install: . install: . install: . install: . install: . install: . install: . install: . install: . install: . install: . install: . install: . install: . install: . install: . install: . install: Lockfile is up to date, resolution step is skipped
. install: . install: . install: . install: . install: . install: . install: . install: . install: . install: . install: . install: . install: . install: . install: . install: . install: . install: . install: . install: . install: . install: . install: . install: . install: . install: . install: . install: . install: . install: . install: . install: Already up to date
. install: . install: . install: . install: . install: . install: . install: . install: . install: . install: . install: . install: . install: . install: . install: . install: . install: . install: . install: . install: . install: . install: . install: . install: . install: . install: . install: . install: . install: . install: . install: . install: . install$ pnpm install
. install: . install: . install: . install: . install: . install: . install: . install: . install: . install: . install: . install: . install: . install: . install: . install: . install: . install: . install: . install: . install: . install: . install: . install: . install: . install: . install: . install: . install: . install: . install: . install: . install: Scope: all 9 workspace projects
. install: . install: . install: . install: . install: . install: . install: . install: . install: . install: . install: . install: . install: . install: . install: . install: . install: . install: . install: . install: . install: . install: . install: . install: . install: . install: . install: . install: . install: . install: . install: . install: . install: (node:65800) [DEP0169] DeprecationWarning: `url.parse()` behavior is not standardized and prone to errors that have security implications. Use the WHATWG URL API instead. CVEs are not issued for `url.parse()` vulnerabilities.
. install: . install: . install: . install: . install: . install: . install: . install: . install: . install: . install: . install: . install: . install: . install: . install: . install: . install: . install: . install: . install: . install: . install: . install: . install: . install: . install: . install: . install: . install: . install: . install: . install: (Use `node --trace-deprecation ...` to show where the warning was created)
. install: . install: . install: . install: . install: . install: . install: . install: . install: . install: . install: . install: . install: . install: . install: . install: . install: . install: . install: . install: . install: . install: . install: . install: . install: . install: . install: . install: . install: . install: . install: . install: . install: Lockfile is up to date, resolution step is skipped
. install: . install: . install: . install: . install: . install: . install: . install: . install: . install: . install: . install: . install: . install: . install: . install: . install: . install: . install: . install: . install: . install: . install: . install: . install: . install: . install: . install: . install: . install: . install: . install: . install: Already up to date
. install: . install: . install: . install: . install: . install: . install: . install: . install: . install: . install: . install: . install: . install: . install: . install: . install: . install: . install: . install: . install: . install: . install: . install: . install: . install: . install: . install: . install: . install: . install: . install: . install: . install$ pnpm install
. install: . install: . install: . install: . install: . install: . install: . install: . install: . install: . install: . install: . install: . install: . install: . install: . install: . install: . install: . install: . install: . install: . install: . install: . install: . install: . install: . install: . install: . install: . install: . install: . install: . install: Scope: all 9 workspace projects
. install: . install: . install: . install: . install: . install: . install: . install: . install: . install: . install: . install: . install: . install: . install: . install: . install: . install: . install: . install: . install: . install: . install: . install: . install: . install: . install: . install: . install: . install: . install: . install: . install: . install: (node:65814) [DEP0169] DeprecationWarning: `url.parse()` behavior is not standardized and prone to errors that have security implications. Use the WHATWG URL API instead. CVEs are not issued for `url.parse()` vulnerabilities.
. install: . install: . install: . install: . install: . install: . install: . install: . install: . install: . install: . install: . install: . install: . install: . install: . install: . install: . install: . install: . install: . install: . install: . install: . install: . install: . install: . install: . install: . install: . install: . install: . install: . install: (Use `node --trace-deprecation ...` to show where the warning was created)
. install: . install: . install: . install: . install: . install: . install: . install: . install: . install: . install: . install: . install: . install: . install: . install: . install: . install: . install: . install: . install: . install: . install: . install: . install: . install: . install: . install: . install: . install: . install: . install: . install: . install: Lockfile is up to date, resolution step is skipped
. install: . install: . install: . install: . install: . install: . install: . install: . install: . install: . install: . install: . install: . install: . install: . install: . install: . install: . install: . install: . install: . install: . install: . install: . install: . install: . install: . install: . install: . install: . install: . install: . install: . install: Already up to date
. install: . install: . install: . install: . install: . install: . install: . install: . install: . install: . install: . install: . install: . install: . install: . install: . install: . install: . install: . install: . install: . install: . install: . install: . install: . install: . install: . install: . install: . install: . install: . install: . install: . install: . install$ pnpm install
. install: . install: . install: . install: . install: . install: . install: . install: . install: . install: . install: . install: . install: . install: . install: . install: . install: . install: . install: . install: . install: . install: . install: . install: . install: . install: . install: . install: . install: . install: . install: . install: . install: . install: . install: Scope: all 9 workspace projects
. install: . install: . install: . install: . install: . install: . install: . install: . install: . install: . install: . install: . install: . install: . install: . install: . install: . install: . install: . install: . install: . install: . install: . install: . install: . install: . install: . install: . install: . install: . install: . install: . install: . install: . install: (node:65834) [DEP0169] DeprecationWarning: `url.parse()` behavior is not standardized and prone to errors that have security implications. Use the WHATWG URL API instead. CVEs are not issued for `url.parse()` vulnerabilities.
. install: . install: . install: . install: . install: . install: . install: . install: . install: . install: . install: . install: . install: . install: . install: . install: . install: . install: . install: . install: . install: . install: . install: . install: . install: . install: . install: . install: . install: . install: . install: . install: . install: . install: . install: (Use `node --trace-deprecation ...` to show where the warning was created)
. install: . install: . install: . install: . install: . install: . install: . install: . install: . install: . install: . install: . install: . install: . install: . install: . install: . install: . install: . install: . install: . install: . install: . install: . install: . install: . install: . install: . install: . install: . install: . install: . install: . install: . install: Lockfile is up to date, resolution step is skipped
. install: . install: . install: . install: . install: . install: . install: . install: . install: . install: . install: . install: . install: . install: . install: . install: . install: . install: . install: . install: . install: . install: . install: . install: . install: . install: . install: . install: . install: . install: . install: . install: . install: . install: . install: Already up to date
. install: . install: . install: . install: . install: . install: . install: . install: . install: . install: . install: . install: . install: . install: . install: . install: . install: . install: . install: . install: . install: . install: . install: . install: . install: . install: . install: . install: . install: . install: . install: . install: . install: . install: . install: . install$ pnpm install
. install: . install: . install: . install: . install: . install: . install: . install: . install: . install: . install: . install: . install: . install: . install: . install: . install: . install: . install: . install: . install: . install: . install: . install: . install: . install: . install: . install: . install: . install: . install: . install: . install: . install: . install: . install: Scope: all 9 workspace projects
. install: . install: . install: . install: . install: . install: . install: . install: . install: . install: . install: . install: . install: . install: . install: . install: . install: . install: . install: . install: . install: . install: . install: . install: . install: . install: . install: . install: . install: . install: . install: . install: . install: . install: . install: . install: Failed
. install: . install: . install: . install: . install: . install: . install: . install: . install: . install: . install: . install: . install: . install: . install: . install: . install: . install: . install: . install: . install: . install: . install: . install: . install: . install: . install: . install: . install: . install: . install: . install: . install: . install: . install: Failed
. install: . install: . install: . install: . install: . install: . install: . install: . install: . install: . install: . install: . install: . install: . install: . install: . install: . install: . install: . install: . install: . install: . install: . install: . install: . install: . install: . install: . install: . install: . install: . install: . install: . install:  ELIFECYCLE  Command failed.
. install: . install: . install: . install: . install: . install: . install: . install: . install: . install: . install: . install: . install: . install: . install: . install: . install: . install: . install: . install: . install: . install: . install: . install: . install: . install: . install: . install: . install: . install: . install: . install: . install: . install: Failed
. install: . install: . install: . install: . install: . install: . install: . install: . install: . install: . install: . install: . install: . install: . install: . install: . install: . install: . install: . install: . install: . install: . install: . install: . install: . install: . install: . install: . install: . install: . install: . install: . install: Failed
. install: . install: . install: . install: . install: . install: . install: . install: . install: . install: . install: . install: . install: . install: . install: . install: . install: . install: . install: . install: . install: . install: . install: . install: . install: . install: . install: . install: . install: . install: . install: . install: Failed
. install: . install: . install: . install: . install: . install: . install: . install: . install: . install: . install: . install: . install: . install: . install: . install: . install: . install: . install: . install: . install: . install: . install: . install: . install: . install: . install: . install: . install: . install: . install: Failed
. install: . install: . install: . install: . install: . install: . install: . install: . install: . install: . install: . install: . install: . install: . install: . install: . install: . install: . install: . install: . install: . install: . install: . install: . install: . install: . install: . install: . install: . install: Failed
. install: . install: . install: . install: . install: . install: . install: . install: . install: . install: . install: . install: . install: . install: . install: . install: . install: . install: . install: . install: . install: . install: . install: . install: . install: . install: . install: . install: . install: Failed
. install: . install: . install: . install: . install: . install: . install: . install: . install: . install: . install: . install: . install: . install: . install: . install: . install: . install: . install: . install: . install: . install: . install: . install: . install: . install: . install: . install: Failed
. install: . install: . install: . install: . install: . install: . install: . install: . install: . install: . install: . install: . install: . install: . install: . install: . install: . install: . install: . install: . install: . install: . install: . install: . install: . install: . install: Failed
. install: . install: . install: . install: . install: . install: . install: . install: . install: . install: . install: . install: . install: . install: . install: . install: . install: . install: . install: . install: . install: . install: . install: . install: . install: . install: Failed
. install: . install: . install: . install: . install: . install: . install: . install: . install: . install: . install: . install: . install: . install: . install: . install: . install: . install: . install: . install: . install: . install: . install: . install: . install: Failed
. install: . install: . install: . install: . install: . install: . install: . install: . install: . install: . install: . install: . install: . install: . install: . install: . install: . install: . install: . install: . install: . install: . install: . install: Failed
. install: . install: . install: . install: . install: . install: . install: . install: . install: . install: . install: . install: . install: . install: . install: . install: . install: . install: . install: . install: . install: . install: . install: Failed
. install: . install: . install: . install: . install: . install: . install: . install: . install: . install: . install: . install: . install: . install: . install: . install: . install: . install: . install: . install: . install: . install: Failed
. install: . install: . install: . install: . install: . install: . install: . install: . install: . install: . install: . install: . install: . install: . install: . install: . install: . install: . install: . install: . install: Failed
. install: . install: . install: . install: . install: . install: . install: . install: . install: . install: . install: . install: . install: . install: . install: . install: . install: . install: . install: . install: Failed
. install: . install: . install: . install: . install: . install: . install: . install: . install: . install: . install: . install: . install: . install: . install: . install: . install: . install: . install: Failed
. install: . install: . install: . install: . install: . install: . install: . install: . install: . install: . install: . install: . install: . install: . install: . install: . install: . install: Failed
. install: . install: . install: . install: . install: . install: . install: . install: . install: . install: . install: . install: . install: . install: . install: . install: . install: Failed
. install: . install: . install: . install: . install: . install: . install: . install: . install: . install: . install: . install: . install: . install: . install: . install: Failed
. install: . install: . install: . install: . install: . install: . install: . install: . install: . install: . install: . install: . install: . install: . install: Failed
. install: . install: . install: . install: . install: . install: . install: . install: . install: . install: . install: . install: . install: . install: Failed
. install: . install: . install: . install: . install: . install: . install: . install: . install: . install: . install: . install: . install: Failed
. install: . install: . install: . install: . install: . install: . install: . install: . install: . install: . install: . install: Failed
. install: . install: . install: . install: . install: . install: . install: . install: . install: . install: . install: Failed
. install: . install: . install: . install: . install: . install: . install: . install: . install: . install: Failed
. install: . install: . install: . install: . install: . install: . install: . install: . install: Failed
. install: . install: . install: . install: . install: . install: . install: . install: Failed
. install: . install: . install: . install: . install: . install: . install: Failed
. install: . install: . install: . install: . install: . install: Failed
. install: . install: . install: . install: . install: Failed
. install: . install: . install: . install: Failed
. install: . install: . install: Failed
. install: . install: Failed
. install: Failed
